// Jest Snapshot v1, https://goo.gl/fbAQLP

exports[`renders correctly 1`] = `
<PASAccount>
  <PASAccountContextProvider>
    loading
  </PASAccountContextProvider>
</PASAccount>
`;
