// Jest Snapshot v1, https://goo.gl/fbAQLP

exports[`renders correctly 1`] = `
<RequestSpecialReports>
  <ViewEdieReportsContextProvider>
    <table
      className="fullHeight"
    >
      <tr>
        <td />
      </tr>
    </table>
  </ViewEdieReportsContextProvider>
</RequestSpecialReports>
`;
